 
 -------------- celery@KLSCQ-ZC-0080 v5.6.3 (recovery)
--- ***** ----- 
-- ******* ---- Linux-6.18.33.2-microsoft-standard-WSL2-x86_64-with-glibc2.43 2026-07-02 12:05:30
- *** --- * --- 
- ** ---------- [config]
- ** ---------- .> app:         ivd_analyzer:0x70fd360ec980
- ** ---------- .> transport:   redis://127.0.0.1:6379/0
- ** ---------- .> results:     redis://127.0.0.1:6379/0
- *** --- * --- .> concurrency: 4 (prefork)
-- ******* ---- .> task events: OFF (enable -E to monitor tasks in this worker)
--- ***** ----- 
 -------------- [queues]
                .> celery           exchange=celery(direct) key=celery
                

[tasks]
  . analyze_files

[2026-07-02 12:05:30,838: INFO/MainProcess] Connected to redis://127.0.0.1:6379/0
[2026-07-02 12:05:30,842: INFO/MainProcess] mingle: searching for neighbors
[2026-07-02 12:05:31,851: INFO/MainProcess] mingle: all alone
[2026-07-02 12:05:31,895: INFO/MainProcess] celery@KLSCQ-ZC-0080 ready.
[2026-07-02 12:05:44,559: INFO/MainProcess] Task analyze_files[fd7f361d-6e54-44e3-a00b-6942253207e6] received
[2026-07-02 12:05:44,641: INFO/ForkPoolWorker-1] 文件 2025-10-27故障代码.txt 使用 utf-8 编码解码成功
[2026-07-02 12:05:44,683: INFO/ForkPoolWorker-1] Task analyze_files[fd7f361d-6e54-44e3-a00b-6942253207e6] succeeded in 0.12297223300083715s: {'status': 'completed', 'analysis_id': 'fd7f361d-6e54-44e3-a00b-6942253207e6'}
[2026-07-02 12:06:06,799: INFO/MainProcess] Task analyze_files[35080750-eca9-4104-9924-b36a21ce3c8c] received
[2026-07-02 12:06:06,825: INFO/ForkPoolWorker-1] ZIP 共 1370 条目, 筛选出 1368 个文本文件 (关心文件 175 个)
[2026-07-02 12:06:06,829: INFO/ForkPoolWorker-1] 文件 967/记录/2025-10-27接收数据记录.txt 使用 utf-8 编码解码成功
[2026-07-02 12:06:06,898: INFO/ForkPoolWorker-1] 文件 967/记录/2025-10-27故障代码.txt 使用 utf-8 编码解码成功
[2026-07-02 12:06:06,925: INFO/ForkPoolWorker-1] 文件 967/记录/2025-10-27样本空吸.txt 使用 utf-8 编码解码成功
[2026-07-02 12:06:06,926: INFO/ForkPoolWorker-1] 文件 967/记录/2025-10-27试剂空吸.txt 使用 utf-8 编码解码成功
[2026-07-02 12:06:06,928: INFO/ForkPoolWorker-1] 文件 967/记录/2025-10-30接收数据记录.txt 使用 utf-8 编码解码成功
[2026-07-02 12:06:06,946: INFO/ForkPoolWorker-1] 文件 967/记录/2025-10-30样本空吸.txt 使用 utf-8 编码解码成功
[2026-07-02 12:06:06,947: INFO/ForkPoolWorker-1] 文件 967/记录/2025-10-30试剂空吸.txt 使用 utf-8 编码解码成功
[2026-07-02 12:06:06,948: INFO/ForkPoolWorker-1] 文件 967/记录/2025-10-31接收数据记录.txt 使用 utf-8 编码解码成功
[2026-07-02 12:06:06,952: INFO/ForkPoolWorker-1] 文件 967/记录/2025-10-31样本空吸.txt 使用 utf-8 编码解码成功
[2026-07-02 12:06:06,953: INFO/ForkPoolWorker-1] 文件 967/记录/2025-10-31试剂空吸.txt 使用 utf-8 编码解码成功
[2026-07-02 12:06:06,955: INFO/ForkPoolWorker-1] 文件 967/记录/2025-11-04接收数据记录.txt 使用 utf-8 编码解码成功
[2026-07-02 12:06:06,994: INFO/ForkPoolWorker-1] 文件 967/记录/2025-11-04样本空吸.txt 使用 utf-8 编码解码成功
[2026-07-02 12:06:06,996: INFO/ForkPoolWorker-1] 文件 967/记录/2025-11-04试剂空吸.txt 使用 utf-8 编码解码成功
[2026-07-02 12:06:07,000: INFO/ForkPoolWorker-1] 文件 967/记录/2025-11-05接收数据记录.txt 使用 utf-8 编码解码成功
[2026-07-02 12:06:07,091: INFO/ForkPoolWorker-1] 文件 967/记录/2025-11-05样本空吸.txt 使用 utf-8 编码解码成功
[2026-07-02 12:06:07,094: INFO/ForkPoolWorker-1] 文件 967/记录/2025-11-05试剂空吸.txt 使用 utf-8 编码解码成功
[2026-07-02 12:06:07,096: INFO/ForkPoolWorker-1] 文件 967/记录/2025-11-07样本空吸.txt 使用 utf-8 编码解码成功
[2026-07-02 12:06:07,097: INFO/ForkPoolWorker-1] 文件 967/记录/2025-11-10样本空吸.txt 使用 utf-8 编码解码成功
[2026-07-02 12:06:07,099: INFO/ForkPoolWorker-1] 文件 967/记录/2025-11-10试剂空吸.txt 使用 utf-8 编码解码成功
[2026-07-02 12:06:07,107: INFO/ForkPoolWorker-1] 文件 967/记录/2025-11-12接收数据记录.txt 使用 utf-8 编码解码成功
[2026-07-02 12:06:07,203: INFO/ForkPoolWorker-1] 文件 967/记录/2025-11-12样本空吸.txt 使用 utf-8 编码解码成功
[2026-07-02 12:06:07,206: INFO/ForkPoolWorker-1] 文件 967/记录/2025-11-12试剂空吸.txt 使用 utf-8 编码解码成功
[2026-07-02 12:06:07,219: INFO/ForkPoolWorker-1] 文件 967/记录/2025-11-13接收数据记录.txt 使用 utf-8 编码解码成功
[2026-07-02 12:06:07,388: INFO/ForkPoolWorker-1] 文件 967/记录/2025-11-13样本空吸.txt 使用 utf-8 编码解码成功
[2026-07-02 12:06:07,407: INFO/ForkPoolWorker-1] 文件 967/记录/2025-11-14接收数据记录.txt 使用 utf-8 编码解码成功
[2026-07-02 12:06:07,619: INFO/ForkPoolWorker-1] 文件 967/记录/2025-11-14样本空吸.txt 使用 utf-8 编码解码成功
[2026-07-02 12:06:07,633: INFO/ForkPoolWorker-1] 文件 967/记录/2025-11-18试剂空吸.txt 使用 utf-8 编码解码成功
[2026-07-02 12:06:07,639: INFO/ForkPoolWorker-1] 文件 967/记录/2025-11-19接收数据记录.txt 使用 utf-8 编码解码成功
[2026-07-02 12:06:07,798: INFO/ForkPoolWorker-1] 文件 967/记录/2025-11-07接收数据记录.txt 使用 utf-8 编码解码成功
[2026-07-02 12:06:07,852: INFO/ForkPoolWorker-1] 文件 967/记录/2025-11-07试剂空吸.txt 使用 utf-8 编码解码成功
[2026-07-02 12:06:07,857: INFO/ForkPoolWorker-1] 文件 967/记录/2025-11-10接收数据记录.txt 使用 utf-8 编码解码成功
[2026-07-02 12:06:07,919: INFO/ForkPoolWorker-1] 文件 967/记录/2025-11-13试剂空吸.txt 使用 utf-8 编码解码成功
[2026-07-02 12:06:07,922: INFO/ForkPoolWorker-1] 文件 967/记录/2025-11-14试剂空吸.txt 使用 utf-8 编码解码成功
[2026-07-02 12:06:07,924: INFO/ForkPoolWorker-1] 文件 967/记录/2025-11-17接收数据记录.txt 使用 utf-8 编码解码成功
[2026-07-02 12:06:07,926: INFO/ForkPoolWorker-1] 文件 967/记录/2025-11-18接收数据记录.txt 使用 utf-8 编码解码成功
[2026-07-02 12:06:07,960: INFO/ForkPoolWorker-1] 文件 967/记录/2025-11-18样本空吸.txt 使用 utf-8 编码解码成功
[2026-07-02 12:06:07,961: INFO/ForkPoolWorker-1] 文件 967/记录/2025-11-19样本空吸.txt 使用 utf-8 编码解码成功
[2026-07-02 12:06:07,965: INFO/ForkPoolWorker-1] 文件 967/记录/2025-11-19试剂空吸.txt 使用 utf-8 编码解码成功
[2026-07-02 12:06:07,979: INFO/ForkPoolWorker-1] 文件 967/记录/2025-11-20接收数据记录.txt 使用 utf-8 编码解码成功
[2026-07-02 12:06:07,996: INFO/ForkPoolWorker-1] 文件 967/记录/2025-11-20样本空吸.txt 使用 utf-8 编码解码成功
[2026-07-02 12:06:07,997: INFO/ForkPoolWorker-1] 文件 967/记录/2025-11-28接收数据记录.txt 使用 utf-8 编码解码成功
[2026-07-02 12:06:08,014: INFO/ForkPoolWorker-1] 文件 967/记录/2025-11-28样本空吸.txt 使用 utf-8 编码解码成功
[2026-07-02 12:06:08,015: INFO/ForkPoolWorker-1] 文件 967/记录/2026-02-28接收数据记录.txt 使用 utf-8 编码解码成功
[2026-07-02 12:06:08,021: INFO/ForkPoolWorker-1] 文件 967/记录/2026-03-04样本空吸.txt 使用 utf-8 编码解码成功
[2026-07-02 12:06:08,023: INFO/ForkPoolWorker-1] 文件 967/记录/2026-03-04试剂空吸.txt 使用 utf-8 编码解码成功
[2026-07-02 12:06:08,029: INFO/ForkPoolWorker-1] 文件 967/记录/2026-03-06样本空吸.txt 使用 utf-8 编码解码成功
[2026-07-02 12:06:08,037: INFO/ForkPoolWorker-1] 文件 967/记录/2026-03-09接收数据记录.txt 使用 utf-8 编码解码成功
[2026-07-02 12:06:08,131: INFO/ForkPoolWorker-1] 文件 967/记录/2026-03-11样本空吸.txt 使用 utf-8 编码解码成功
[2026-07-02 12:06:08,136: INFO/ForkPoolWorker-1] 文件 967/记录/2026-03-12试剂空吸.txt 使用 utf-8 编码解码成功
[2026-07-02 12:06:08,155: INFO/ForkPoolWorker-1] 文件 967/记录/2026-03-17接收数据记录.txt 使用 utf-8 编码解码成功
[2026-07-02 12:06:08,260: INFO/ForkPoolWorker-1] 文件 967/记录/2026-03-17试剂空吸.txt 使用 utf-8 编码解码成功
[2026-07-02 12:06:08,273: INFO/ForkPoolWorker-1] 文件 967/记录/2026-03-18试剂空吸.txt 使用 utf-8 编码解码成功
[2026-07-02 12:06:08,283: INFO/ForkPoolWorker-1] 文件 967/记录/2026-03-20接收数据记录.txt 使用 utf-8 编码解码成功
[2026-07-02 12:06:08,326: INFO/ForkPoolWorker-1] 文件 967/记录/2026-03-20样本空吸.txt 使用 utf-8 编码解码成功
[2026-07-02 12:06:08,328: INFO/ForkPoolWorker-1] 文件 967/记录/2025-11-28试剂空吸.txt 使用 utf-8 编码解码成功
[2026-07-02 12:06:08,330: INFO/ForkPoolWorker-1] 文件 967/记录/2026-02-28样本空吸.txt 使用 utf-8 编码解码成功
[2026-07-02 12:06:08,332: INFO/ForkPoolWorker-1] 文件 967/记录/2026-03-03接收数据记录.txt 使用 utf-8 编码解码成功
[2026-07-02 12:06:08,374: INFO/ForkPoolWorker-1] 文件 967/记录/2026-03-03试剂空吸.txt 使用 utf-8 编码解码成功
[2026-07-02 12:06:08,378: INFO/ForkPoolWorker-1] 文件 967/记录/2026-03-04接收数据记录.txt 使用 utf-8 编码解码成功
[2026-07-02 12:06:08,450: INFO/ForkPoolWorker-1] 文件 967/记录/2026-03-06接收数据记录.txt 使用 utf-8 编码解码成功
[2026-07-02 12:06:08,565: INFO/ForkPoolWorker-1] 文件 967/记录/2026-03-06试剂空吸.txt 使用 utf-8 编码解码成功
[2026-07-02 12:06:08,579: INFO/ForkPoolWorker-1] 文件 967/记录/2026-03-10接收数据记录.txt 使用 utf-8 编码解码成功
[2026-07-02 12:06:08,701: INFO/ForkPoolWorker-1] 文件 967/记录/2026-03-11试剂空吸.txt 使用 utf-8 编码解码成功
[2026-07-02 12:06:08,723: INFO/ForkPoolWorker-1] 文件 967/记录/2026-03-12接收数据记录.txt 使用 utf-8 编码解码成功
[2026-07-02 12:06:08,866: INFO/ForkPoolWorker-1] 文件 967/记录/2026-03-13样本空吸.txt 使用 utf-8 编码解码成功
[2026-07-02 12:06:08,871: INFO/ForkPoolWorker-1] 文件 967/记录/2026-03-16接收数据记录.txt 使用 utf-8 编码解码成功
[2026-07-02 12:06:08,938: INFO/ForkPoolWorker-1] 文件 967/记录/2026-03-19样本空吸.txt 使用 utf-8 编码解码成功
[2026-07-02 12:06:08,948: INFO/ForkPoolWorker-1] 文件 967/记录/2026-03-24接收数据记录.txt 使用 utf-8 编码解码成功
[2026-07-02 12:06:09,101: INFO/ForkPoolWorker-1] 文件 967/记录/2026-03-25接收数据记录.txt 使用 utf-8 编码解码成功
[2026-07-02 12:06:09,210: INFO/ForkPoolWorker-1] 文件 967/记录/2025-11-20试剂空吸.txt 使用 utf-8 编码解码成功
[2026-07-02 12:06:09,212: INFO/ForkPoolWorker-1] 文件 967/记录/2026-02-28试剂空吸.txt 使用 utf-8 编码解码成功
[2026-07-02 12:06:09,219: INFO/ForkPoolWorker-1] 文件 967/记录/2026-03-05接收数据记录.txt 使用 utf-8 编码解码成功
[2026-07-02 12:06:09,367: INFO/ForkPoolWorker-1] 文件 967/记录/2026-03-05样本空吸.txt 使用 utf-8 编码解码成功
[2026-07-02 12:06:09,373: INFO/ForkPoolWorker-1] 文件 967/记录/2026-03-05试剂空吸.txt 使用 utf-8 编码解码成功
[2026-07-02 12:06:09,387: INFO/ForkPoolWorker-1] 文件 967/记录/2026-03-09试剂空吸.txt 使用 utf-8 编码解码成功
[2026-07-02 12:06:09,399: INFO/ForkPoolWorker-1] 文件 967/记录/2026-03-10试剂空吸.txt 使用 utf-8 编码解码成功
[2026-07-02 12:06:09,413: INFO/ForkPoolWorker-1] 文件 967/记录/2026-03-13试剂空吸.txt 使用 utf-8 编码解码成功
[2026-07-02 12:06:09,418: INFO/ForkPoolWorker-1] 文件 967/记录/2026-03-17样本空吸.txt 使用 utf-8 编码解码成功
[2026-07-02 12:06:09,424: INFO/ForkPoolWorker-1] 文件 967/记录/2026-03-18接收数据记录.txt 使用 utf-8 编码解码成功
[2026-07-02 12:06:09,515: INFO/ForkPoolWorker-1] 文件 967/记录/2026-03-18样本空吸.txt 使用 utf-8 编码解码成功
[2026-07-02 12:06:09,522: INFO/ForkPoolWorker-1] 文件 967/记录/2026-03-19接收数据记录.txt 使用 utf-8 编码解码成功
[2026-07-02 12:06:09,641: INFO/ForkPoolWorker-1] 文件 967/记录/2026-03-20试剂空吸.txt 使用 utf-8 编码解码成功
[2026-07-02 12:06:09,648: INFO/ForkPoolWorker-1] 文件 967/记录/2026-03-25试剂空吸.txt 使用 utf-8 编码解码成功
[2026-07-02 12:06:09,656: INFO/ForkPoolWorker-1] 文件 967/记录/2026-03-03样本空吸.txt 使用 utf-8 编码解码成功
[2026-07-02 12:06:09,657: INFO/ForkPoolWorker-1] 文件 967/记录/2026-03-09样本空吸.txt 使用 utf-8 编码解码成功
[2026-07-02 12:06:09,660: INFO/ForkPoolWorker-1] 文件 967/记录/2026-03-10样本空吸.txt 使用 utf-8 编码解码成功
[2026-07-02 12:06:09,668: INFO/ForkPoolWorker-1] 文件 967/记录/2026-03-11接收数据记录.txt 使用 utf-8 编码解码成功
[2026-07-02 12:06:09,811: INFO/ForkPoolWorker-1] 文件 967/记录/2026-03-12样本空吸.txt 使用 utf-8 编码解码成功
[2026-07-02 12:06:09,820: INFO/ForkPoolWorker-1] 文件 967/记录/2026-03-13接收数据记录.txt 使用 utf-8 编码解码成功
[2026-07-02 12:06:09,866: INFO/ForkPoolWorker-1] 文件 967/记录/2026-03-16样本空吸.txt 使用 utf-8 编码解码成功
[2026-07-02 12:06:09,869: INFO/ForkPoolWorker-1] 文件 967/记录/2026-03-16试剂空吸.txt 使用 utf-8 编码解码成功
[2026-07-02 12:06:09,879: INFO/ForkPoolWorker-1] 文件 967/记录/2026-03-19试剂空吸.txt 使用 utf-8 编码解码成功
[2026-07-02 12:06:09,890: INFO/ForkPoolWorker-1] 文件 967/记录/2026-03-24样本空吸.txt 使用 utf-8 编码解码成功
[2026-07-02 12:06:09,894: INFO/ForkPoolWorker-1] 文件 967/记录/2026-03-24试剂空吸.txt 使用 utf-8 编码解码成功
[2026-07-02 12:06:09,910: INFO/ForkPoolWorker-1] 文件 967/记录/2026-04-01试剂空吸.txt 使用 utf-8 编码解码成功
[2026-07-02 12:06:09,926: INFO/ForkPoolWorker-1] 文件 967/记录/2026-04-14接收数据记录.txt 使用 utf-8 编码解码成功
[2026-07-02 12:06:10,139: INFO/ForkPoolWorker-1] 文件 967/记录/2026-04-14样本空吸.txt 使用 utf-8 编码解码成功
[2026-07-02 12:06:10,152: INFO/ForkPoolWorker-1] 文件 967/记录/2026-04-28接收数据记录.txt 使用 utf-8 编码解码成功
[2026-07-02 12:06:10,313: INFO/ForkPoolWorker-1] 文件 967/记录/2026-05-07接收数据记录.txt 使用 utf-8 编码解码成功
[2026-07-02 12:06:10,417: INFO/ForkPoolWorker-1] 文件 967/记录/2026-05-07试剂空吸.txt 使用 utf-8 编码解码成功
[2026-07-02 12:06:10,433: INFO/ForkPoolWorker-1] 文件 967/记录/2026-03-26接收数据记录.txt 使用 utf-8 编码解码成功
[2026-07-02 12:06:10,556: INFO/ForkPoolWorker-1] 文件 967/记录/2026-03-30接收数据记录.txt 使用 utf-8 编码解码成功
[2026-07-02 12:06:10,565: INFO/ForkPoolWorker-1] 文件 967/记录/2026-04-01接收数据记录.txt 使用 utf-8 编码解码成功
[2026-07-02 12:06:10,611: INFO/ForkPoolWorker-1] 文件 967/记录/2026-04-01样本空吸.txt 使用 utf-8 编码解码成功
[2026-07-02 12:06:10,613: INFO/ForkPoolWorker-1] 文件 967/记录/2026-04-15试剂空吸.txt 使用 utf-8 编码解码成功
[2026-07-02 12:06:10,631: INFO/ForkPoolWorker-1] 文件 967/记录/2026-04-22试剂空吸.txt 使用 utf-8 编码解码成功
[2026-07-02 12:06:10,644: INFO/ForkPoolWorker-1] 文件 967/记录/2026-04-29接收数据记录.txt 使用 utf-8 编码解码成功
[2026-07-02 12:06:10,764: INFO/ForkPoolWorker-1] 文件 967/记录/2026-04-30样本空吸.txt 使用 utf-8 编码解码成功
[2026-07-02 12:06:10,771: INFO/ForkPoolWorker-1] 文件 967/记录/2026-04-02接收数据记录.txt 使用 utf-8 编码解码成功
[2026-07-02 12:06:10,874: INFO/ForkPoolWorker-1] 文件 967/记录/2026-04-10样本空吸.txt 使用 utf-8 编码解码成功
[2026-07-02 12:06:10,879: INFO/ForkPoolWorker-1] 文件 967/记录/2026-04-17接收数据记录.txt 使用 utf-8 编码解码成功
[2026-07-02 12:06:10,948: INFO/ForkPoolWorker-1] 文件 967/记录/2026-04-20接收数据记录.txt 使用 utf-8 编码解码成功
[2026-07-02 12:06:10,980: INFO/ForkPoolWorker-1] 文件 967/记录/2026-04-22样本空吸.txt 使用 utf-8 编码解码成功
[2026-07-02 12:06:10,985: INFO/ForkPoolWorker-1] 文件 967/记录/2026-04-24接收数据记录.txt 使用 utf-8 编码解码成功
[2026-07-02 12:06:11,081: INFO/ForkPoolWorker-1] 文件 967/记录/2026-05-08接收数据记录.txt 使用 utf-8 编码解码成功
[2026-07-02 12:06:11,152: INFO/ForkPoolWorker-1] 文件 967/记录/2026-05-08试剂空吸.txt 使用 utf-8 编码解码成功
[2026-07-02 12:06:11,166: INFO/ForkPoolWorker-1] 文件 967/记录/2026-03-31接收数据记录.txt 使用 utf-8 编码解码成功
[2026-07-02 12:06:11,305: INFO/ForkPoolWorker-1] 文件 967/记录/2026-04-02样本空吸.txt 使用 utf-8 编码解码成功
[2026-07-02 12:06:11,312: INFO/ForkPoolWorker-1] 文件 967/记录/2026-04-03接收数据记录.txt 使用 utf-8 编码解码成功
[2026-07-02 12:06:11,378: INFO/ForkPoolWorker-1] 文件 967/记录/2026-04-03样本空吸.txt 使用 utf-8 编码解码成功
[2026-07-02 12:06:11,386: INFO/ForkPoolWorker-1] 文件 967/记录/2026-04-10接收数据记录.txt 使用 utf-8 编码解码成功
[2026-07-02 12:06:11,506: INFO/ForkPoolWorker-1] 文件 967/记录/2026-04-10故障代码.txt 使用 utf-8 编码解码成功
[2026-07-02 12:06:11,512: INFO/ForkPoolWorker-1] 文件 967/记录/2026-04-10试剂空吸.txt 使用 utf-8 编码解码成功
[2026-07-02 12:06:11,521: INFO/ForkPoolWorker-1] 文件 967/记录/2026-04-16试剂空吸.txt 使用 utf-8 编码解码成功
[2026-07-02 12:06:11,536: INFO/ForkPoolWorker-1] 文件 967/记录/2026-04-21试剂空吸.txt 使用 utf-8 编码解码成功
[2026-07-02 12:06:11,547: INFO/ForkPoolWorker-1] 文件 967/记录/2026-04-24样本空吸.txt 使用 utf-8 编码解码成功
[2026-07-02 12:06:11,549: INFO/ForkPoolWorker-1] 文件 967/记录/2026-04-28试剂空吸.txt 使用 utf-8 编码解码成功
[2026-07-02 12:06:11,566: INFO/ForkPoolWorker-1] 文件 967/记录/2026-05-06接收数据记录.txt 使用 utf-8 编码解码成功
[2026-07-02 12:06:11,607: INFO/ForkPoolWorker-1] 文件 967/记录/2026-05-06样本空吸.txt 使用 utf-8 编码解码成功
[2026-07-02 12:06:11,609: INFO/ForkPoolWorker-1] 文件 967/记录/2026-03-25样本空吸.txt 使用 utf-8 编码解码成功
[2026-07-02 12:06:11,612: INFO/ForkPoolWorker-1] 文件 967/记录/2026-03-27接收数据记录.txt 使用 utf-8 编码解码成功
[2026-07-02 12:06:11,651: INFO/ForkPoolWorker-1] 文件 967/记录/2026-03-27样本空吸.txt 使用 utf-8 编码解码成功
[2026-07-02 12:06:11,652: INFO/ForkPoolWorker-1] 文件 967/记录/2026-03-30试剂空吸.txt 使用 utf-8 编码解码成功
[2026-07-02 12:06:11,653: INFO/ForkPoolWorker-1] 文件 967/记录/2026-04-02试剂空吸.txt 使用 utf-8 编码解码成功
[2026-07-02 12:06:11,662: INFO/ForkPoolWorker-1] 文件 967/记录/2026-04-07试剂空吸.txt 使用 utf-8 编码解码成功
[2026-07-02 12:06:11,668: INFO/ForkPoolWorker-1] 文件 967/记录/2026-04-08试剂空吸.txt 使用 utf-8 编码解码成功
[2026-07-02 12:06:11,675: INFO/ForkPoolWorker-1] 文件 967/记录/2026-04-09试剂空吸.txt 使用 utf-8 编码解码成功
[2026-07-02 12:06:11,691: INFO/ForkPoolWorker-1] 文件 967/记录/2026-04-20试剂空吸.txt 使用 utf-8 编码解码成功
[2026-07-02 12:06:11,695: INFO/ForkPoolWorker-1] 文件 967/记录/2026-04-24试剂空吸.txt 使用 utf-8 编码解码成功
[2026-07-02 12:06:11,700: INFO/ForkPoolWorker-1] 文件 967/记录/2026-04-28样本空吸.txt 使用 utf-8 编码解码成功
[2026-07-02 12:06:11,704: INFO/ForkPoolWorker-1] 文件 967/记录/2026-05-03试剂空吸.txt 使用 utf-8 编码解码成功
[2026-07-02 12:06:11,705: INFO/ForkPoolWorker-1] 文件 967/记录/2026-05-07样本空吸.txt 使用 utf-8 编码解码成功
[2026-07-02 12:06:11,708: INFO/ForkPoolWorker-1] 文件 967/记录/2026-03-26试剂空吸.txt 使用 utf-8 编码解码成功
[2026-07-02 12:06:11,719: INFO/ForkPoolWorker-1] 文件 967/记录/2026-03-31样本空吸.txt 使用 utf-8 编码解码成功
[2026-07-02 12:06:11,723: INFO/ForkPoolWorker-1] 文件 967/记录/2026-04-07样本空吸.txt 使用 utf-8 编码解码成功
[2026-07-02 12:06:11,724: INFO/ForkPoolWorker-1] 文件 967/记录/2026-04-17试剂空吸.txt 使用 utf-8 编码解码成功
[2026-07-02 12:06:11,736: INFO/ForkPoolWorker-1] 文件 967/记录/2026-04-21接收数据记录.txt 使用 utf-8 编码解码成功
[2026-07-02 12:06:11,830: INFO/ForkPoolWorker-1] 文件 967/记录/2026-04-23样本空吸.txt 使用 utf-8 编码解码成功
[2026-07-02 12:06:11,833: INFO/ForkPoolWorker-1] 文件 967/记录/2026-04-29样本空吸.txt 使用 utf-8 编码解码成功
[2026-07-02 12:06:11,836: INFO/ForkPoolWorker-1] 文件 967/记录/2026-05-06试剂空吸.txt 使用 utf-8 编码解码成功
[2026-07-02 12:06:11,841: INFO/ForkPoolWorker-1] 文件 967/记录/2026-03-27试剂空吸.txt 使用 utf-8 编码解码成功
[2026-07-02 12:06:11,844: INFO/ForkPoolWorker-1] 文件 967/记录/2026-04-08样本空吸.txt 使用 utf-8 编码解码成功
[2026-07-02 12:06:11,846: INFO/ForkPoolWorker-1] 文件 967/记录/2026-04-16样本空吸.txt 使用 utf-8 编码解码成功
[2026-07-02 12:06:11,849: INFO/ForkPoolWorker-1] 文件 967/记录/2026-04-21样本空吸.txt 使用 utf-8 编码解码成功
[2026-07-02 12:06:11,855: INFO/ForkPoolWorker-1] 文件 967/记录/2026-04-22接收数据记录.txt 使用 utf-8 编码解码成功
[2026-07-02 12:06:11,986: INFO/ForkPoolWorker-1] 文件 967/记录/2026-04-23接收数据记录.txt 使用 utf-8 编码解码成功
[2026-07-02 12:06:12,120: INFO/ForkPoolWorker-1] 文件 967/记录/2026-05-03接收数据记录.txt 使用 utf-8 编码解码成功
[2026-07-02 12:06:12,130: INFO/ForkPoolWorker-1] 文件 967/记录/2026-05-08样本空吸.txt 使用 utf-8 编码解码成功
[2026-07-02 12:06:12,132: INFO/ForkPoolWorker-1] 文件 967/记录/2026-03-26样本空吸.txt 使用 utf-8 编码解码成功
[2026-07-02 12:06:12,135: INFO/ForkPoolWorker-1] 文件 967/记录/2026-03-31试剂空吸.txt 使用 utf-8 编码解码成功
[2026-07-02 12:06:12,148: INFO/ForkPoolWorker-1] 文件 967/记录/2026-04-03试剂空吸.txt 使用 utf-8 编码解码成功
[2026-07-02 12:06:12,153: INFO/ForkPoolWorker-1] 文件 967/记录/2026-04-07接收数据记录.txt 使用 utf-8 编码解码成功
[2026-07-02 12:06:12,215: INFO/ForkPoolWorker-1] 文件 967/记录/2026-04-08接收数据记录.txt 使用 utf-8 编码解码成功
[2026-07-02 12:06:12,305: INFO/ForkPoolWorker-1] 文件 967/记录/2026-04-09接收数据记录.txt 使用 utf-8 编码解码成功
[2026-07-02 12:06:12,440: INFO/ForkPoolWorker-1] 文件 967/记录/2026-04-09样本空吸.txt 使用 utf-8 编码解码成功
[2026-07-02 12:06:12,447: INFO/ForkPoolWorker-1] 文件 967/记录/2026-04-14试剂空吸.txt 使用 utf-8 编码解码成功
[2026-07-02 12:06:12,474: INFO/ForkPoolWorker-1] 文件 967/记录/2026-04-15接收数据记录.txt 使用 utf-8 编码解码成功
[2026-07-02 12:06:12,648: INFO/ForkPoolWorker-1] 文件 967/记录/2026-04-15样本空吸.txt 使用 utf-8 编码解码成功
[2026-07-02 12:06:12,659: INFO/ForkPoolWorker-1] 文件 967/记录/2026-04-16接收数据记录.txt 使用 utf-8 编码解码成功
[2026-07-02 12:06:12,767: INFO/ForkPoolWorker-1] 文件 967/记录/2026-04-17样本空吸.txt 使用 utf-8 编码解码成功
[2026-07-02 12:06:12,769: INFO/ForkPoolWorker-1] 文件 967/记录/2026-04-20样本空吸.txt 使用 utf-8 编码解码成功
[2026-07-02 12:06:12,771: INFO/ForkPoolWorker-1] 文件 967/记录/2026-04-23试剂空吸.txt 使用 utf-8 编码解码成功
[2026-07-02 12:06:12,784: INFO/ForkPoolWorker-1] 文件 967/记录/2026-04-29试剂空吸.txt 使用 utf-8 编码解码成功
[2026-07-02 12:06:12,793: INFO/ForkPoolWorker-1] 文件 967/记录/2026-04-30接收数据记录.txt 使用 utf-8 编码解码成功
[2026-07-02 12:06:12,894: INFO/ForkPoolWorker-1] 文件 967/记录/2026-04-30试剂空吸.txt 使用 utf-8 编码解码成功
[2026-07-02 12:06:17,274: INFO/ForkPoolWorker-1] Task analyze_files[35080750-eca9-4104-9924-b36a21ce3c8c] succeeded in 10.474626072998944s: {'status': 'completed', 'analysis_id': '35080750-eca9-4104-9924-b36a21ce3c8c'}
